import "./util.jou"


def main() -> int:
    # Simple and correct
    run_himmeli("0.2")  # Output: Would multiply red by 1.00, green by 0.23 and blue by 0.02.
    run_himmeli("0.4")  # Output: Would multiply red by 1.00, green by 0.57 and blue by 0.21.
    run_himmeli("0.6")  # Output: Would multiply red by 1.00, green by 0.76 and blue by 0.60.
    run_himmeli("0.8")  # Output: Would multiply red by 1.00, green by 0.86 and blue by 0.87.
    run_himmeli("1")    # Output: Would multiply red by 1.00, green by 1.00 and blue by 1.00.

    # Totally wrong arguments
    run_himmeli("")                 # Output: ./himmeli: please specify how to color the screen (try --help)
    run_himmeli("-1")               # Output: ./himmeli: unknown option "-1" (try --help)
    run_himmeli("--asdf")           # Output: ./himmeli: unknown option "--asdf" (try --help)

    # Bad states
    run_himmeli("''")               # Output: ./himmeli: invalid state "" (try --help)
    run_himmeli("'1 1'")            # Output: ./himmeli: invalid state "1 1" (try --help)
    run_himmeli("'1 1 1 1'")        # Output: ./himmeli: invalid state "1 1 1 1" (try --help)
    run_himmeli("'1 1 1 1 1'")      # Output: ./himmeli: invalid state "1 1 1 1 1" (try --help)
    run_himmeli("inf")              # Output: ./himmeli: invalid state "inf" (try --help)
    run_himmeli("nan")              # Output: ./himmeli: invalid state "nan" (try --help)
    run_himmeli("' -0.5'")          # Output: ./himmeli: invalid state "-0.5" (try --help)
    run_himmeli("5")                # Output: ./himmeli: invalid state "5" (try --help)
    run_himmeli("'1 1 -0.5'")       # Output: ./himmeli: invalid state "1 1 -0.5" (try --help)
    run_himmeli("'1 1 5'")          # Output: ./himmeli: invalid state "1 1 5" (try --help)
    run_himmeli("'5 @ 12:34'")      # Output: ./himmeli: invalid state "5" (try --help)
    run_himmeli("'1 1 5 @ 12:34'")  # Output: ./himmeli: invalid state "1 1 5" (try --help)

    # Bad times
    run_himmeli("1 '1 @ 12:34'")                # Output: ./himmeli: when you specify multiple states, you must use '@' to specify a time for each state
    run_himmeli("1 '1 @ 12:34' '0.5 @ 23:45'")  # Output: ./himmeli: when you specify multiple states, you must use '@' to specify a time for each state
    run_himmeli("'1 @ 12:34'")                  # Output: ./himmeli: a time cannot be specified if you give just one state (try --help)
    run_himmeli("'1 1 1 @ 12:34'")              # Output: ./himmeli: a time cannot be specified if you give just one state (try --help)
    run_himmeli("'1 @ 12:34' '0.5 @ 23:78'")    # Output: ./himmeli: invalid time "23:78" (try --help)
    run_himmeli("'1 @ 12:34' '0.5 @ -1:05'")    # Output: ./himmeli: invalid time "-1:05" (try --help)
    run_himmeli("'1 @ 12:34' '0.5 @ 5:-1'")     # Output: ./himmeli: invalid time "5:-1" (try --help)
    run_himmeli("'1 @ 12:34' '0.5 @ 23 :45'")   # Output: ./himmeli: invalid time "23 :45" (try --help)
    run_himmeli("'1 @ 12:34' '0.5 @ 12:34:56'") # Output: ./himmeli: invalid time "12:34:56" (try --help)

    # Repeated times
    run_himmeli("'0.5 @ 01:00' '0.6 @ 01:00'")                # Output: ./himmeli: the time 01:00 cannot be specified twice
    run_himmeli("'0.5 @ 12:34' '0.6 @ 01:00' '0.7 @ 12:34'")  # Output: ./himmeli: the time 12:34 cannot be specified twice

    # Correctly specified times

    # Output: Would multiply red by 1.00, green by 1.00 and blue by 1.00.
    setenv("HIMMELI_OVERRIDE_TIME", "12:34", True as int)
    run_himmeli("'  1 1   1@12:34' '.6@   23:45 '")
    unsetenv("HIMMELI_OVERRIDE_TIME")

    # Time is not octal when it has a leading zero, so 09 is allowed.
    # Output: Would multiply red by 0.75, green by 0.75 and blue by 0.75.
    setenv("HIMMELI_OVERRIDE_TIME", "9:00", True as int)
    run_himmeli("'0.5 0.5 0.5 @ 8:59 ' '1 1 1 @ 09:01'")
    unsetenv("HIMMELI_OVERRIDE_TIME")

    return 0
