import "./util.jou"

def main() -> int:
    # Output: Usage:
    # Output:   ./himmeli [options] "STATE"
    # Output:   ./himmeli [options] "STATE1 @ hh:mm" "STATE2 @ hh:mm" ...
    # Output:
    # Output: Options:
    # Output:   --help           this message
    # Output:   --allow-dark     allow making the screen very dark
    # Output:   --loop INTERVAL  adjust, wait, adjust again etc, INTERVAL is e.g. 5min or 1h
    # Output:   --dry-run        don't adjust screens, describe what would be done
    # Output:
    # Output: The simplest way to specify a state is a number between 0 and 1. Here 0 means
    # Output: black screen, 1 means reset, and values between 0 and 1 filter out mostly blue
    # Output: light. For example, I use 0.6 during the day to make the screen look comfy and
    # Output: easy on my eyes.
    # Output:
    # Output: The state can also be R, G and B numbers between 0 and 1 separated by spaces.
    # Output: For example, "0.5 0.5 0.5" basically decreases brightness, and "1 1 0" filters
    # Output: out all blue light (probably not what you want).
    # Output:
    # Output: If you specify multiple states, they must have "@ hh:mm" (hour and minute) or
    # Output: "@ hh" (hour) at the end to specify when the state should apply: "0.6 @ 22"
    # Output: means that value 0.6 will be used if you run the command at 22:00 (10PM). The
    # Output: values are interpolated at other times (linearly by default).
    run_himmeli("--help")
    return 0
