import "./util.jou"


def main() -> int:
    # Flag missing
    # Output: ./himmeli: refusing because "0.01" would make the screen very dark, use --allow-dark if that's really what you want
    # Output: ./himmeli: refusing because "0.01" would make the screen very dark, use --allow-dark if that's really what you want
    # Output: ./himmeli: refusing because "0.01" would make the screen very dark, use --allow-dark if that's really what you want
    run_himmeli("0.01")
    run_himmeli("'0.01 @ 12:34' '1 @ 23:45'")
    run_himmeli("'1 @ 12:34' '0.01 @ 23:45'")

    # Flag given as needed
    run_himmeli("0.01 --allow-dark")                        # Output: Would multiply red by 0.07, green by 0.00 and blue by 0.00.
    setenv("HIMMELI_OVERRIDE_TIME", "11:11", True as int)
    run_himmeli("--allow-dark '0.01 @ 12:34' '1 @ 23:45'")  # Output: Would multiply red by 0.78, green by 0.10 and blue by 0.00.
    run_himmeli("--allow-dark '1 @ 12:34' '0.01 @ 23:45'")  # Output: Would multiply red by 1.00, green by 0.91 and blue by 0.95.
    unsetenv("HIMMELI_OVERRIDE_TIME")

    # These should not trigger the --allow-dark mechanism.
    run_himmeli("'1 0 0'")  # Output: Would multiply red by 1.00, green by 0.00 and blue by 0.00.
    run_himmeli("'0 1 0'")  # Output: Would multiply red by 0.00, green by 1.00 and blue by 0.00.
    run_himmeli("'0 0 1'")  # Output: Would multiply red by 0.00, green by 0.00 and blue by 1.00.

    return 0
